[    0.000000] Linux version 5.15.133.1-microsoft-standard-WSL2 (root@1c602f52c2e4) (gcc (GCC) 11.2.0, GNU ld (GNU Binutils) 2.37) #1 SMP Thu Oct 5 21:02:42 UTC 2023
[    0.000000] Command line: initrd=\initrd.img WSL_ROOT_INIT=1 panic=-1 nr_cpus=12 bonding.max_bonds=0 dummy.numdummies=0 fb_tunnels=none console=hvc0 debug pty.legacy_count=0
[    0.000000] KERNEL supported cpus:
[    0.000000]   Intel GenuineIntel
[    0.000000]   AMD AuthenticAMD
[    0.000000]   Centaur CentaurHauls
[    0.000000] BIOS-provided physical RAM map:
[    0.000000] BIOS-e820: [mem 0x0000000000000000-0x000000000009ffff] usable
[    0.000000] BIOS-e820: [mem 0x00000000000e0000-0x00000000000e0fff] reserved
[    0.000000] BIOS-e820: [mem 0x0000000000100000-0x00000000001fffff] ACPI data
[    0.000000] BIOS-e820: [mem 0x0000000000200000-0x00000000f7ffffff] usable
[    0.000000] BIOS-e820: [mem 0x0000000100000000-0x00000004033fffff] usable
[    0.000000] NX (Execute Disable) protection: active
[    0.000000] DMI not present or invalid.
[    0.000000] Hypervisor detected: Microsoft Hyper-V
[    0.000000] Hyper-V: privilege flags low 0x2e7f, high 0x3b8030, hints 0xa4e24, misc 0xe4bed7b6
[    0.000000] Hyper-V Host Build:22621-10.0-2-0.2861
[    0.000000] Hyper-V: Nested features: 0x3e0101
[    0.000000] Hyper-V: LAPIC Timer Frequency: 0x1e8480
[    0.000000] Hyper-V: Using hypercall for remote TLB flush
[    0.000000] clocksource: hyperv_clocksource_tsc_page: mask: 0xffffffffffffffff max_cycles: 0x24e6a1710, max_idle_ns: 440795202120 ns
[    0.000001] tsc: Marking TSC unstable due to running on Hyper-V
[    0.000002] tsc: Detected 4103.997 MHz processor
[    0.000010] e820: update [mem 0x00000000-0x00000fff] usable ==> reserved
[    0.000012] e820: remove [mem 0x000a0000-0x000fffff] usable
[    0.000014] last_pfn = 0x403400 max_arch_pfn = 0x400000000
[    0.000032] x86/PAT: Configuration [0-7]: WB  WC  UC- UC  WB  WP  UC- WT  
[    0.000039] last_pfn = 0xf8000 max_arch_pfn = 0x400000000
[    0.000045] Using GB pages for direct mapping
[    0.000153] RAMDISK: [mem 0x03de5000-0x03fe7fff]
[    0.000154] ACPI: Early table checksum verification disabled
[    0.000156] ACPI: RSDP 0x00000000000E0000 000024 (v02 VRTUAL)
[    0.000159] ACPI: XSDT 0x0000000000100000 000044 (v01 VRTUAL MICROSFT 00000001 MSFT 00000001)
[    0.000163] ACPI: FACP 0x0000000000101000 000114 (v06 VRTUAL MICROSFT 00000001 MSFT 00000001)
[    0.000166] ACPI: DSDT 0x00000000001011B8 01E191 (v02 MSFTVM DSDT01   00000001 MSFT 05000000)
[    0.000168] ACPI: FACS 0x0000000000101114 000040
[    0.000170] ACPI: OEM0 0x0000000000101154 000064 (v01 VRTUAL MICROSFT 00000001 MSFT 00000001)
[    0.000172] ACPI: SRAT 0x000000000011F349 000370 (v02 VRTUAL MICROSFT 00000001 MSFT 00000001)
[    0.000174] ACPI: APIC 0x000000000011F6B9 0000A8 (v04 VRTUAL MICROSFT 00000001 MSFT 00000001)
[    0.000176] ACPI: Reserving FACP table memory at [mem 0x101000-0x101113]
[    0.000177] ACPI: Reserving DSDT table memory at [mem 0x1011b8-0x11f348]
[    0.000178] ACPI: Reserving FACS table memory at [mem 0x101114-0x101153]
[    0.000179] ACPI: Reserving OEM0 table memory at [mem 0x101154-0x1011b7]
[    0.000179] ACPI: Reserving SRAT table memory at [mem 0x11f349-0x11f6b8]
[    0.000180] ACPI: Reserving APIC table memory at [mem 0x11f6b9-0x11f760]
[    0.000497] Zone ranges:
[    0.000498]   DMA      [mem 0x0000000000001000-0x0000000000ffffff]
[    0.000500]   DMA32    [mem 0x0000000001000000-0x00000000ffffffff]
[    0.000501]   Normal   [mem 0x0000000100000000-0x00000004033fffff]
[    0.000503]   Device   empty
[    0.000503] Movable zone start for each node
[    0.000504] Early memory node ranges
[    0.000504]   node   0: [mem 0x0000000000001000-0x000000000009ffff]
[    0.000505]   node   0: [mem 0x0000000000200000-0x00000000f7ffffff]
[    0.000507]   node   0: [mem 0x0000000100000000-0x00000004033fffff]
[    0.000508] Initmem setup node 0 [mem 0x0000000000001000-0x00000004033fffff]
[    0.000650] On node 0, zone DMA: 1 pages in unavailable ranges
[    0.000669] On node 0, zone DMA: 352 pages in unavailable ranges
[    0.010217] On node 0, zone Normal: 19456 pages in unavailable ranges
[    0.010245] ACPI: LAPIC_NMI (acpi_id[0x01] dfl dfl lint[0x1])
[    0.010476] IOAPIC[0]: apic_id 12, version 17, address 0xfec00000, GSI 0-23
[    0.010479] ACPI: INT_SRC_OVR (bus 0 bus_irq 9 global_irq 9 high level)
[    0.010482] ACPI: Using ACPI (MADT) for SMP configuration information
[    0.010484] smpboot: Allowing 12 CPUs, 0 hotplug CPUs
[    0.010490] [mem 0xf8000000-0xffffffff] available for PCI devices
[    0.010491] Booting paravirtualized kernel on Hyper-V
[    0.010493] clocksource: refined-jiffies: mask: 0xffffffff max_cycles: 0xffffffff, max_idle_ns: 19112604462750000 ns
[    0.016316] setup_percpu: NR_CPUS:256 nr_cpumask_bits:256 nr_cpu_ids:12 nr_node_ids:1
[    0.016766] percpu: Embedded 53 pages/cpu s177624 r8192 d31272 u262144
[    0.016771] pcpu-alloc: s177624 r8192 d31272 u262144 alloc=1*2097152
[    0.016773] pcpu-alloc: [0] 00 01 02 03 04 05 06 07 [0] 08 09 10 11 -- -- -- -- 
[    0.016785] Hyper-V: PV spinlocks enabled
[    0.016786] PV qspinlock hash table entries: 256 (order: 0, 4096 bytes, linear)
[    0.016789] Built 1 zonelists, mobility grouping on.  Total pages: 4108597
[    0.016790] Kernel command line: initrd=\initrd.img WSL_ROOT_INIT=1 panic=-1 nr_cpus=12 bonding.max_bonds=0 dummy.numdummies=0 fb_tunnels=none console=hvc0 debug pty.legacy_count=0
[    0.016855] Unknown kernel command line parameters "WSL_ROOT_INIT=1", will be passed to user space.
[    0.018433] Dentry cache hash table entries: 2097152 (order: 12, 16777216 bytes, linear)
[    0.019263] Inode-cache hash table entries: 1048576 (order: 11, 8388608 bytes, linear)
[    0.019357] mem auto-init: stack:off, heap alloc:off, heap free:off
[    0.039005] Memory: 4124400K/16697980K available (18452K kernel code, 2632K rwdata, 9736K rodata, 2008K init, 1780K bss, 401384K reserved, 0K cma-reserved)
[    0.039043] SLUB: HWalign=64, Order=0-3, MinObjects=0, CPUs=12, Nodes=1
[    0.039053] ftrace: allocating 53235 entries in 208 pages
[    0.057381] ftrace: allocated 208 pages with 3 groups
[    0.057596] rcu: Hierarchical RCU implementation.
[    0.057598] rcu: 	RCU restricting CPUs from NR_CPUS=256 to nr_cpu_ids=12.
[    0.057599] 	Rude variant of Tasks RCU enabled.
[    0.057599] 	Tracing variant of Tasks RCU enabled.
[    0.057600] rcu: RCU calculated value of scheduler-enlistment delay is 10 jiffies.
[    0.057601] rcu: Adjusting geometry for rcu_fanout_leaf=16, nr_cpu_ids=12
[    0.060846] Using NULL legacy PIC
[    0.060847] NR_IRQS: 16640, nr_irqs: 520, preallocated irqs: 0
[    0.061089] random: crng init done
[    0.061108] Console: colour dummy device 80x25
[    0.061116] ACPI: Core revision 20210730
[    0.061174] Failed to register legacy timer interrupt
[    0.061175] APIC: Switch to symmetric I/O mode setup
[    0.062726] x2apic enabled
[    0.064265] Switched APIC routing to physical x2apic.
[    0.064279] Hyper-V: Using IPI hypercalls
[    0.064320] Calibrating delay loop (skipped), value calculated using timer frequency.. 8207.99 BogoMIPS (lpj=41039970)
[    0.064389] Last level iTLB entries: 4KB 64, 2MB 8, 4MB 8
[    0.064391] Last level dTLB entries: 4KB 64, 2MB 0, 4MB 0, 1GB 4
[    0.064394] Spectre V1 : Mitigation: usercopy/swapgs barriers and __user pointer sanitization
[    0.064396] Spectre V2 : Mitigation: Enhanced IBRS
[    0.064396] Spectre V2 : Spectre v2 / SpectreRSB mitigation: Filling RSB on context switch
[    0.064397] Spectre V2 : Spectre v2 / PBRSB-eIBRS: Retire a single CALL on VMEXIT
[    0.064398] RETBleed: Mitigation: Enhanced IBRS
[    0.064399] Spectre V2 : mitigation: Enabling conditional Indirect Branch Prediction Barrier
[    0.064400] Speculative Store Bypass: Mitigation: Speculative Store Bypass disabled via prctl and seccomp
[    0.064404] MMIO Stale Data: Vulnerable: Clear CPU buffers attempted, no microcode
[    0.064405] SRBDS: Unknown: Dependent on hypervisor status
[    0.064406] GDS: Unknown: Dependent on hypervisor status
[    0.064414] x86/fpu: Supporting XSAVE feature 0x001: 'x87 floating point registers'
[    0.064415] x86/fpu: Supporting XSAVE feature 0x002: 'SSE registers'
[    0.064416] x86/fpu: Supporting XSAVE feature 0x004: 'AVX registers'
[    0.064418] x86/fpu: xstate_offset[2]:  576, xstate_sizes[2]:  256
[    0.064419] x86/fpu: Enabled xstate features 0x7, context size is 832 bytes, using 'compacted' format.
[    0.074318] Freeing SMP alternatives memory: 60K
[    0.074318] pid_max: default: 32768 minimum: 301
[    0.074318] LSM: Security Framework initializing
[    0.074318] landlock: Up and running.
[    0.074318] Mount-cache hash table entries: 32768 (order: 6, 262144 bytes, linear)
[    0.074318] Mountpoint-cache hash table entries: 32768 (order: 6, 262144 bytes, linear)
[    0.074318] smpboot: CPU0: Intel(R) Core(TM) i5-10600K CPU @ 4.10GHz (family: 0x6, model: 0xa5, stepping: 0x5)
[    0.074318] Performance Events: Skylake events, 32-deep LBR, full-width counters, Intel PMU driver.
[    0.074318] ... version:                4
[    0.074318] ... bit width:              48
[    0.074318] ... generic registers:      4
[    0.074318] ... value mask:             0000ffffffffffff
[    0.074318] ... max period:             00007fffffffffff
[    0.074318] ... fixed-purpose events:   3
[    0.074318] ... event mask:             000000070000000f
[    0.074318] signal: max sigframe size: 1776
[    0.074318] rcu: Hierarchical SRCU implementation.
[    0.074318] smp: Bringing up secondary CPUs ...
[    0.074318] x86: Booting SMP configuration:
[    0.074318] .... node  #0, CPUs:        #1
[    0.074318] MMIO Stale Data CPU bug present and SMT on, data leak possible. See https://www.kernel.org/doc/html/latest/admin-guide/hw-vuln/processor_mmio_stale_data.html for more details.
[    0.074318]   #2  #3  #4  #5  #6  #7  #8  #9 #10 #11
[    0.074318] smp: Brought up 1 node, 12 CPUs
[    0.074318] smpboot: Max logical packages: 1
[    0.074318] smpboot: Total of 12 processors activated (98495.92 BogoMIPS)
[    0.085097] node 0 deferred pages initialised in 20ms
[    0.085103] devtmpfs: initialized
[    0.085103] x86/mm: Memory block size: 128MB
[    0.085103] clocksource: jiffies: mask: 0xffffffff max_cycles: 0xffffffff, max_idle_ns: 19112604462750000 ns
[    0.085103] futex hash table entries: 4096 (order: 6, 262144 bytes, linear)
[    0.085103] NET: Registered PF_NETLINK/PF_ROUTE protocol family
[    0.085103] audit: initializing netlink subsys (disabled)
[    0.085125] audit: type=2000 audit(1704237930.020:1): state=initialized audit_enabled=0 res=1
[    0.085125] thermal_sys: Registered thermal governor 'step_wise'
[    0.085125] cpuidle: using governor menu
[    0.085125] ACPI: bus type PCI registered
[    0.085125] PCI: Fatal: No config space access function found
[    0.085250] kprobes: kprobe jump-optimization is enabled. All kprobes are optimized if possible.
[    0.085270] HugeTLB registered 1.00 GiB page size, pre-allocated 0 pages
[    0.085270] HugeTLB registered 2.00 MiB page size, pre-allocated 0 pages
[    0.094348] raid6: skip pq benchmark and using algorithm avx2x4
[    0.094350] raid6: using avx2x2 recovery algorithm
[    0.094360] ACPI: Added _OSI(Module Device)
[    0.094361] ACPI: Added _OSI(Processor Device)
[    0.094361] ACPI: Added _OSI(3.0 _SCP Extensions)
[    0.094362] ACPI: Added _OSI(Processor Aggregator Device)
[    0.094363] ACPI: Added _OSI(Linux-Dell-Video)
[    0.094363] ACPI: Added _OSI(Linux-Lenovo-NV-HDMI-Audio)
[    0.094364] ACPI: Added _OSI(Linux-HPI-Hybrid-Graphics)
[    0.097169] ACPI: 1 ACPI AML tables successfully acquired and loaded
[    0.097745] ACPI: Interpreter enabled
[    0.097747] ACPI: PM: (supports S0 S5)
[    0.097748] ACPI: Using IOAPIC for interrupt routing
[    0.097753] PCI: Using host bridge windows from ACPI; if necessary, use "pci=nocrs" and report a bug
[    0.097819] ACPI: Enabled 1 GPEs in block 00 to 0F
[    0.098335] iommu: Default domain type: Translated 
[    0.098336] iommu: DMA domain TLB invalidation policy: lazy mode 
[    0.098378] SCSI subsystem initialized
[    0.098384] ACPI: bus type USB registered
[    0.098389] usbcore: registered new interface driver usbfs
[    0.098392] usbcore: registered new interface driver hub
[    0.098429] usbcore: registered new device driver usb
[    0.098436] pps_core: LinuxPPS API ver. 1 registered
[    0.098436] pps_core: Software ver. 5.3.6 - Copyright 2005-2007 Rodolfo Giometti <giometti@linux.it>
[    0.098438] PTP clock support registered
[    0.098460] hv_vmbus: Vmbus version:5.3
[    0.098460] PCI: Using ACPI for IRQ routing
[    0.098460] PCI: System does not support PCI
[    0.098460] clocksource: Switched to clocksource hyperv_clocksource_tsc_page
[    0.098460] hv_vmbus: Unknown GUID: c376c1c3-d276-48d2-90a9-c04748072c60
[    0.098460] hv_vmbus: Unknown GUID: 6e382d18-3336-4f4b-acc4-2b7703d4df4a
[    0.098460] hv_vmbus: Unknown GUID: dde9cbc0-5060-4436-9448-ea1254a5d177
[    0.102572] VFS: Disk quotas dquot_6.6.0
[    0.102580] VFS: Dquot-cache hash table entries: 512 (order 0, 4096 bytes)
[    0.102591] FS-Cache: Loaded
[    0.102604] pnp: PnP ACPI init
[    0.102644] pnp: PnP ACPI: found 1 devices
[    0.107266] NET: Registered PF_INET protocol family
[    0.107511] IP idents hash table entries: 262144 (order: 9, 2097152 bytes, linear)
[    0.108537] tcp_listen_portaddr_hash hash table entries: 8192 (order: 5, 131072 bytes, linear)
[    0.108548] Table-perturb hash table entries: 65536 (order: 6, 262144 bytes, linear)
[    0.108551] TCP established hash table entries: 131072 (order: 8, 1048576 bytes, linear)
[    0.108773] TCP bind hash table entries: 65536 (order: 8, 1048576 bytes, linear)
[    0.108849] TCP: Hash tables configured (established 131072 bind 65536)
[    0.108864] UDP hash table entries: 8192 (order: 6, 262144 bytes, linear)
[    0.108884] UDP-Lite hash table entries: 8192 (order: 6, 262144 bytes, linear)
[    0.109066] NET: Registered PF_UNIX/PF_LOCAL protocol family
[    0.109312] RPC: Registered named UNIX socket transport module.
[    0.109313] RPC: Registered udp transport module.
[    0.109314] RPC: Registered tcp transport module.
[    0.109314] RPC: Registered tcp NFSv4.1 backchannel transport module.
[    0.109316] PCI: CLS 0 bytes, default 64
[    0.109332] PCI-DMA: Using software bounce buffering for IO (SWIOTLB)
[    0.109334] software IO TLB: mapped [mem 0x00000000f4000000-0x00000000f8000000] (64MB)
[    0.109371] KVM: vmx: using Hyper-V Enlightened VMCS
[    0.109392] Trying to unpack rootfs image as initramfs...
[    0.109948] Freeing initrd memory: 2060K
[    0.274316] kvm: already loaded the other module
[    0.275937] Initialise system trusted keyrings
[    0.276019] workingset: timestamp_bits=46 max_order=22 bucket_order=0
[    0.276609] squashfs: version 4.0 (2009/01/31) Phillip Lougher
[    0.276741] NFS: Registering the id_resolver key type
[    0.276745] Key type id_resolver registered
[    0.276746] Key type id_legacy registered
[    0.276747] nfs4filelayout_init: NFSv4 File Layout Driver Registering...
[    0.276749] nfs4flexfilelayout_init: NFSv4 Flexfile Layout Driver Registering...
[    0.276750] Installing knfsd (copyright (C) 1996 okir@monad.swb.de).
[    0.277236] Key type cifs.idmap registered
[    0.277288] fuse: init (API version 7.34)
[    0.277408] SGI XFS with ACLs, security attributes, realtime, scrub, repair, quota, no debug enabled
[    0.277646] 9p: Installing v9fs 9p2000 file system support
[    0.277651] FS-Cache: Netfs '9p' registered for caching
[    0.277677] FS-Cache: Netfs 'ceph' registered for caching
[    0.277678] ceph: loaded (mds proto 32)
[    0.282667] NET: Registered PF_ALG protocol family
[    0.282669] xor: automatically using best checksumming function   avx       
[    0.282670] Key type asymmetric registered
[    0.282671] Asymmetric key parser 'x509' registered
[    0.282684] Block layer SCSI generic (bsg) driver version 0.4 loaded (major 248)
[    0.283124] hv_vmbus: registering driver hv_pci
[    0.283318] hv_pci 40a2388d-2bee-455a-a4d3-3730735f97a6: PCI VMBus probing: Using version 0x10004
[    0.284025] hv_pci 40a2388d-2bee-455a-a4d3-3730735f97a6: PCI host bridge to bus 2bee:00
[    0.284027] pci_bus 2bee:00: root bus resource [mem 0x9ffe00000-0x9ffe02fff window]
[    0.284029] pci_bus 2bee:00: No busn resource found for root bus, will use [bus 00-ff]
[    0.284697] pci 2bee:00:00.0: [1af4:1043] type 00 class 0x010000
[    0.285440] pci 2bee:00:00.0: reg 0x10: [mem 0x9ffe00000-0x9ffe00fff 64bit]
[    0.285922] pci 2bee:00:00.0: reg 0x18: [mem 0x9ffe01000-0x9ffe01fff 64bit]
[    0.286413] pci 2bee:00:00.0: reg 0x20: [mem 0x9ffe02000-0x9ffe02fff 64bit]
[    0.288869] pci_bus 2bee:00: busn_res: [bus 00-ff] end is updated to 00
[    0.288873] pci 2bee:00:00.0: BAR 0: assigned [mem 0x9ffe00000-0x9ffe00fff 64bit]
[    0.289213] pci 2bee:00:00.0: BAR 2: assigned [mem 0x9ffe01000-0x9ffe01fff 64bit]
[    0.289544] pci 2bee:00:00.0: BAR 4: assigned [mem 0x9ffe02000-0x9ffe02fff 64bit]
[    0.290025] hv_pci 63f1e827-6ec4-4911-b2df-8cb3d7be243c: PCI VMBus probing: Using version 0x10004
[    0.290485] hv_pci 63f1e827-6ec4-4911-b2df-8cb3d7be243c: PCI host bridge to bus 6ec4:00
[    0.290487] pci_bus 6ec4:00: No busn resource found for root bus, will use [bus 00-ff]
[    0.290791] pci 6ec4:00:00.0: [1414:008e] type 00 class 0x030200
[    0.294205] pci_bus 6ec4:00: busn_res: [bus 00-ff] end is updated to 00
[    0.297405] Serial: 8250/16550 driver, 4 ports, IRQ sharing disabled
[    0.326625] Non-volatile memory driver v1.3
[    0.326985] [drm] Initialized vgem 1.0.0 20120112 for vgem on minor 0
[    0.328935] printk: console [hvc0] enabled
[    0.330185] brd: module loaded
[    0.331352] loop: module loaded
[    0.331569] hv_vmbus: registering driver hv_storvsc
[    0.331872] wireguard: WireGuard 1.0.0 loaded. See www.wireguard.com for information.
[    0.332244] wireguard: Copyright (C) 2015-2019 Jason A. Donenfeld <Jason@zx2c4.com>. All Rights Reserved.
[    0.332620] tun: Universal TUN/TAP device driver, 1.6
[    0.332900] PPP generic driver version 2.4.2
[    0.333156] scsi host0: storvsc_host_t
[    0.333210] PPP BSD Compression module registered
[    0.333643] PPP Deflate Compression module registered
[    0.333853] PPP MPPE Compression module registered
[    0.334162] NET: Registered PF_PPPOX protocol family
[    0.334383] usbcore: registered new interface driver cdc_ether
[    0.334664] usbcore: registered new interface driver cdc_ncm
[    0.334923] usbcore: registered new interface driver r8153_ecm
[    0.335225] hv_vmbus: registering driver hv_netvsc
[    0.335538] VFIO - User Level meta-driver version: 0.3
[    0.335893] usbcore: registered new interface driver cdc_acm
[    0.336177] cdc_acm: USB Abstract Control Model driver for USB modems and ISDN adapters
[    0.336484] usbcore: registered new interface driver ch341
[    0.336683] usbserial: USB Serial support registered for ch341-uart
[    0.336933] usbcore: registered new interface driver cp210x
[    0.337148] usbserial: USB Serial support registered for cp210x
[    0.337442] usbcore: registered new interface driver ftdi_sio
[    0.337726] usbserial: USB Serial support registered for FTDI USB Serial Device
[    0.338295] vhci_hcd vhci_hcd.0: USB/IP Virtual Host Controller
[    0.338598] vhci_hcd vhci_hcd.0: new USB bus registered, assigned bus number 1
[    0.338951] vhci_hcd: created sysfs vhci_hcd.0
[    0.339369] usb usb1: New USB device found, idVendor=1d6b, idProduct=0002, bcdDevice= 5.15
[    0.339714] usb usb1: New USB device strings: Mfr=3, Product=2, SerialNumber=1
[    0.340005] usb usb1: Product: USB/IP Virtual Host Controller
[    0.340251] usb usb1: Manufacturer: Linux 5.15.133.1-microsoft-standard-WSL2 vhci_hcd
[    0.340592] usb usb1: SerialNumber: vhci_hcd.0
[    0.340913] hub 1-0:1.0: USB hub found
[    0.341114] hub 1-0:1.0: 8 ports detected
[    0.341510] vhci_hcd vhci_hcd.0: USB/IP Virtual Host Controller
[    0.341771] vhci_hcd vhci_hcd.0: new USB bus registered, assigned bus number 2
[    0.342134] usb usb2: We don't know the algorithms for LPM for this host, disabling LPM.
[    0.342569] usb usb2: New USB device found, idVendor=1d6b, idProduct=0003, bcdDevice= 5.15
[    0.342862] usb usb2: New USB device strings: Mfr=3, Product=2, SerialNumber=1
[    0.343185] usb usb2: Product: USB/IP Virtual Host Controller
[    0.343467] usb usb2: Manufacturer: Linux 5.15.133.1-microsoft-standard-WSL2 vhci_hcd
[    0.343764] usb usb2: SerialNumber: vhci_hcd.0
[    0.344051] hub 2-0:1.0: USB hub found
[    0.344242] hub 2-0:1.0: 8 ports detected
[    0.344663] hv_vmbus: registering driver hyperv_keyboard
[    0.344877] rtc_cmos 00:00: RTC can wake from S4
[    0.346420] rtc_cmos 00:00: registered as rtc0
[    0.346897] rtc_cmos 00:00: setting system clock to 2024-01-02T23:25:30 UTC (1704237930)
[    0.347356] rtc_cmos 00:00: alarms up to one month, 114 bytes nvram
[    0.347772] device-mapper: ioctl: 4.45.0-ioctl (2021-03-22) initialised: dm-devel@redhat.com
[    0.348224] device-mapper: raid: Loading target version 1.15.1
[    0.348502] usbcore: registered new interface driver usbhid
[    0.348697] usbhid: USB HID core driver
[    0.348896] hv_utils: Registering HyperV Utility Driver
[    0.349094] hv_vmbus: registering driver hv_utils
[    0.349315] hv_vmbus: registering driver hv_balloon
[    0.349547] hv_utils: TimeSync IC version 4.0
[    0.349590] hv_vmbus: registering driver dxgkrnl
[    0.349929] hv_balloon: Using Dynamic Memory protocol version 2.0
[    0.350696] drop_monitor: Initializing network drop monitor service
[    0.351118] Free page reporting enabled
[    0.351119] hv_balloon: Cold memory discard hint enabled with order 9
[    0.351301] Mirror/redirect action on
[    0.351765] u32 classifier
[    0.351867]     Performance counters on
[    0.352015]     input device check on
[    0.352162]     Actions configured
[    0.352935] IPVS: Registered protocols (TCP, UDP)
[    0.353166] IPVS: Connection hash table configured (size=4096, memory=32Kbytes)
[    0.353521] IPVS: ipvs loaded.
[    0.353673] IPVS: [rr] scheduler registered.
[    0.353866] IPVS: [wrr] scheduler registered.
[    0.354056] IPVS: [sh] scheduler registered.
[    0.354274] ipip: IPv4 and MPLS over IPv4 tunneling driver
[    0.354481] ipt_CLUSTERIP: ClusterIP Version 0.8 loaded successfully
[    0.354726] Initializing XFRM netlink socket
[    0.354953] NET: Registered PF_INET6 protocol family
[    0.355565] Segment Routing with IPv6
[    0.355720] In-situ OAM (IOAM) with IPv6
[    0.355889] sit: IPv6, IPv4 and MPLS over IPv4 tunneling driver
[    0.356134] NET: Registered PF_PACKET protocol family
[    0.356341] Bridge firewalling registered
[    0.356493] 8021q: 802.1Q VLAN Support v1.8
[    0.356661] sctp: Hash tables configured (bind 256/256)
[    0.356891] 9pnet: Installing 9P2000 support
[    0.357097] Key type dns_resolver registered
[    0.357297] Key type ceph registered
[    0.357542] libceph: loaded (mon/osd proto 15/24)
[    0.357803] NET: Registered PF_VSOCK protocol family
[    0.358001] hv_vmbus: registering driver hv_sock
[    0.358235] IPI shorthand broadcast: enabled
[    0.358447] sched_clock: Marking stable (354557000, 3234800)->(376563600, -18771800)
[    0.359090] registered taskstats version 1
[    0.359800] Loading compiled-in X.509 certificates
[    0.360897] Btrfs loaded, crc32c=crc32c-generic, zoned=no, fsverity=no
[    0.361904] Freeing unused kernel image (initmem) memory: 2008K
[    0.423402] Write protecting the kernel read-only data: 30720k
[    0.425003] Freeing unused kernel image (text/rodata gap) memory: 2024K
[    0.425903] Freeing unused kernel image (rodata/data gap) memory: 504K
[    0.426171] Run /init as init process
[    0.426323]   with arguments:
[    0.426472]     /init
[    0.426572]   with environment:
[    0.426727]     HOME=/
[    0.426828]     TERM=linux
[    0.426928]     WSL_ROOT_INIT=1
[    0.451804] scsi 0:0:0:0: Direct-Access     Msft     Virtual Disk     1.0  PQ: 0 ANSI: 5
[    0.457154] sd 0:0:0:0: Attached scsi generic sg0 type 0
[    0.457646] sd 0:0:0:0: [sda] 798352 512-byte logical blocks: (409 MB/390 MiB)
[    0.458235] sd 0:0:0:0: [sda] Write Protect is on
[    0.458503] sd 0:0:0:0: [sda] Mode Sense: 0f 00 80 00
[    0.458815] sd 0:0:0:0: [sda] Write cache: disabled, read cache: enabled, doesn't support DPO or FUA
[    0.465565] sd 0:0:0:0: [sda] Attached SCSI disk
[    0.533450] scsi 0:0:0:1: Direct-Access     Msft     Virtual Disk     1.0  PQ: 0 ANSI: 5
[    0.536957] EXT4-fs (sda): mounted filesystem without journal. Opts: (null). Quota mode: none.
[    0.538444] sd 0:0:0:1: Attached scsi generic sg1 type 0
[    0.539218] sd 0:0:0:1: [sdb] 8388616 512-byte logical blocks: (4.29 GB/4.00 GiB)
[    0.539576] sd 0:0:0:1: [sdb] 4096-byte physical blocks
[    0.539879] sd 0:0:0:1: [sdb] Write Protect is off
[    0.540096] sd 0:0:0:1: [sdb] Mode Sense: 0f 00 00 00
[    0.540428] sd 0:0:0:1: [sdb] Write cache: enabled, read cache: enabled, doesn't support DPO or FUA
[    0.542263] sd 0:0:0:1: [sdb] Attached SCSI disk
[    0.613729] Adding 4194304k swap on /dev/sdb.  Priority:-2 extents:1 across:4194304k 
[    1.534076] IPv6: ADDRCONF(NETDEV_CHANGE): eth0: link becomes ready
[    1.636886] hv_pci 04157c8c-43eb-4543-991c-5883c90ab97c: PCI VMBus probing: Using version 0x10004
[    1.638866] hv_pci 04157c8c-43eb-4543-991c-5883c90ab97c: PCI host bridge to bus 43eb:00
[    1.639446] pci_bus 43eb:00: root bus resource [mem 0xc00000000-0xe00001fff window]
[    1.639841] pci_bus 43eb:00: No busn resource found for root bus, will use [bus 00-ff]
[    1.640901] pci 43eb:00:00.0: [1af4:105a] type 00 class 0x088000
[    1.642737] pci 43eb:00:00.0: reg 0x10: [mem 0xe00000000-0xe00000fff 64bit]
[    1.644382] pci 43eb:00:00.0: reg 0x18: [mem 0xe00001000-0xe00001fff 64bit]
[    1.646029] pci 43eb:00:00.0: reg 0x20: [mem 0xc00000000-0xdffffffff 64bit]
[    1.650023] pci_bus 43eb:00: busn_res: [bus 00-ff] end is updated to 00
[    1.650288] pci 43eb:00:00.0: BAR 4: assigned [mem 0xc00000000-0xdffffffff 64bit]
[    1.651836] pci 43eb:00:00.0: BAR 0: assigned [mem 0xe00000000-0xe00000fff 64bit]
[    1.653415] pci 43eb:00:00.0: BAR 2: assigned [mem 0xe00001000-0xe00001fff 64bit]
[    1.665814] virtiofs virtio1: Cache len: 0x200000000 @ 0xc00000000
[    1.726136] memmap_init_zone_device initialised 2097152 pages in 20ms
[    1.734740] FS-Cache: Duplicate cookie detected
[    1.736024] FS-Cache: O-cookie c=00000004 [p=00000002 fl=222 nc=0 na=1]
[    1.736510] FS-Cache: O-cookie d=0000000077e65604{9P.session} n=000000004c31c075
[    1.736945] FS-Cache: O-key=[10] '34323934393337343632'
[    1.737207] FS-Cache: N-cookie c=00000005 [p=00000002 fl=2 nc=0 na=1]
[    1.737566] FS-Cache: N-cookie d=0000000077e65604{9P.session} n=000000002534c57f
[    1.737977] FS-Cache: N-key=[10] '34323934393337343632'
[    1.739935] FS-Cache: Duplicate cookie detected
[    1.740357] FS-Cache: O-cookie c=00000004 [p=00000002 fl=222 nc=0 na=1]
[    1.740801] FS-Cache: O-cookie d=0000000077e65604{9P.session} n=000000004c31c075
[    1.741629] FS-Cache: O-key=[10] '34323934393337343632'
[    1.741932] FS-Cache: N-cookie c=00000006 [p=00000002 fl=2 nc=0 na=1]
[    1.742617] FS-Cache: N-cookie d=0000000077e65604{9P.session} n=0000000057e29bfa
[    1.742984] FS-Cache: N-key=[10] '34323934393337343632'
[    1.832326] scsi 0:0:0:2: Direct-Access     Msft     Virtual Disk     1.0  PQ: 0 ANSI: 5
[    1.837331] sd 0:0:0:2: Attached scsi generic sg2 type 0
[    1.837884] sd 0:0:0:2: [sdc] 2147483648 512-byte logical blocks: (1.10 TB/1.00 TiB)
[    1.838263] sd 0:0:0:2: [sdc] 4096-byte physical blocks
[    1.838556] sd 0:0:0:2: [sdc] Write Protect is off
[    1.838778] sd 0:0:0:2: [sdc] Mode Sense: 0f 00 00 00
[    1.839122] sd 0:0:0:2: [sdc] Write cache: enabled, read cache: enabled, doesn't support DPO or FUA
[    1.841057] sd 0:0:0:2: [sdc] Attached SCSI disk
[    2.136752] EXT4-fs (sdc): mounted filesystem with ordered data mode. Opts: discard,errors=remount-ro,data=ordered. Quota mode: none.
[   19.951217] EXT4-fs (sdc): mounted filesystem with ordered data mode. Opts: discard,errors=remount-ro,data=ordered. Quota mode: none.
[   20.237685] /sbin/ldconfig: 
[   20.237688] /usr/lib/wsl/lib/libcuda.so.1 is not a symbolic link

[   20.494878] FS-Cache: Duplicate cookie detected
[   20.495320] FS-Cache: O-cookie c=00000007 [p=00000002 fl=222 nc=0 na=1]
[   20.495592] FS-Cache: O-cookie d=0000000077e65604{9P.session} n=00000000afb98cc5
[   20.495915] FS-Cache: O-key=[10] '34323934393339333338'
[   20.496160] FS-Cache: N-cookie c=00000008 [p=00000002 fl=2 nc=0 na=1]
[   20.496446] FS-Cache: N-cookie d=0000000077e65604{9P.session} n=00000000920176be
[   20.496760] FS-Cache: N-key=[10] '34323934393339333338'
[   20.498520] FS-Cache: Duplicate cookie detected
[   20.498764] FS-Cache: O-cookie c=00000007 [p=00000002 fl=222 nc=0 na=1]
[   20.499040] FS-Cache: O-cookie d=0000000077e65604{9P.session} n=00000000afb98cc5
[   20.499374] FS-Cache: O-key=[10] '34323934393339333338'
[   20.499599] FS-Cache: N-cookie c=00000009 [p=00000002 fl=2 nc=0 na=1]
[   20.499880] FS-Cache: N-cookie d=0000000077e65604{9P.session} n=000000001747e12a
[   20.500205] FS-Cache: N-key=[10] '34323934393339333338'
[   20.656213] /sbin/ldconfig.real: 
[   20.656215] /usr/lib/wsl/lib/libcuda.so.1 is not a symbolic link

[   20.850337] misc dxg: dxgk: dxgkio_query_adapter_info: Ioctl failed: -22
[   20.850794] misc dxg: dxgk: dxgkio_query_adapter_info: Ioctl failed: -22
[   20.851274] misc dxg: dxgk: dxgkio_query_adapter_info: Ioctl failed: -22
[   20.851770] misc dxg: dxgk: dxgkio_query_adapter_info: Ioctl failed: -2
[   20.932315] FS-Cache: Duplicate cookie detected
[   20.932691] FS-Cache: O-cookie c=0000000e [p=00000002 fl=222 nc=0 na=1]
[   20.933013] FS-Cache: O-cookie d=0000000077e65604{9P.session} n=00000000919afc10
[   20.933437] FS-Cache: O-key=[10] '34323934393339333831'
[   20.933712] FS-Cache: N-cookie c=0000000f [p=00000002 fl=2 nc=0 na=1]
[   20.934029] FS-Cache: N-cookie d=0000000077e65604{9P.session} n=00000000c9e3e01b
[   20.934410] FS-Cache: N-key=[10] '34323934393339333831'
[   22.185785] misc dxg: dxgk: dxgkio_query_adapter_info: Ioctl failed: -2
[   22.352537] misc dxg: dxgk: dxgkio_query_adapter_info: Ioctl failed: -2
[   22.353342] misc dxg: dxgk: dxgkio_query_adapter_info: Ioctl failed: -2
[   22.353694] misc dxg: dxgk: dxgkio_query_adapter_info: Ioctl failed: -2
[   22.354069] misc dxg: dxgk: dxgkio_query_adapter_info: Ioctl failed: -2
[   22.354403] misc dxg: dxgk: dxgkio_query_adapter_info: Ioctl failed: -2
[   22.354744] misc dxg: dxgk: dxgkio_query_adapter_info: Ioctl failed: -2
[   22.355081] misc dxg: dxgk: dxgkio_query_adapter_info: Ioctl failed: -2
[   22.355410] misc dxg: dxgk: dxgkio_query_adapter_info: Ioctl failed: -2
[   22.355744] misc dxg: dxgk: dxgkio_query_adapter_info: Ioctl failed: -2
[   22.356081] misc dxg: dxgk: dxgkio_query_adapter_info: Ioctl failed: -2
[   22.356413] misc dxg: dxgk: dxgkio_query_adapter_info: Ioctl failed: -2
[   22.356752] misc dxg: dxgk: dxgkio_query_adapter_info: Ioctl failed: -2
[   22.357084] misc dxg: dxgk: dxgkio_query_adapter_info: Ioctl failed: -2
[   22.357417] misc dxg: dxgk: dxgkio_query_adapter_info: Ioctl failed: -2
[   22.766256] misc dxg: dxgk: dxgkio_query_adapter_info: Ioctl failed: -2
[   49.156106] hv_balloon: Max. dynamic memory size: 16308 MB
[   88.646527] EXT4-fs (sdc): mounted filesystem with ordered data mode. Opts: discard,errors=remount-ro,data=ordered. Quota mode: none.
[   89.031810] /sbin/ldconfig: 
[   89.031813] /usr/lib/wsl/lib/libcuda.so.1 is not a symbolic link

[   89.041405] FS-Cache: Duplicate cookie detected
[   89.041686] FS-Cache: O-cookie c=00000012 [p=00000002 fl=222 nc=0 na=1]
[   89.041955] FS-Cache: O-cookie d=0000000077e65604{9P.session} n=000000004f64cb5e
[   89.042286] FS-Cache: O-key=[10] '34323934393436313932'
[   89.042504] FS-Cache: N-cookie c=00000013 [p=00000002 fl=2 nc=0 na=1]
[   89.042771] FS-Cache: N-cookie d=0000000077e65604{9P.session} n=00000000e4af28f8
[   89.043092] FS-Cache: N-key=[10] '34323934393436313932'
[   89.108640] /sbin/ldconfig.real: 
[   89.108643] /usr/lib/wsl/lib/libcuda.so.1 is not a symbolic link

[   89.120170] misc dxg: dxgk: dxgkio_query_adapter_info: Ioctl failed: -22
[   89.120602] misc dxg: dxgk: dxgkio_query_adapter_info: Ioctl failed: -22
[   89.120976] misc dxg: dxgk: dxgkio_query_adapter_info: Ioctl failed: -22
[   89.121393] misc dxg: dxgk: dxgkio_query_adapter_info: Ioctl failed: -2
[   89.131727] FS-Cache: Duplicate cookie detected
[   89.132056] FS-Cache: O-cookie c=00000019 [p=00000002 fl=222 nc=0 na=1]
[   89.132394] FS-Cache: O-cookie d=0000000077e65604{9P.session} n=00000000dfa73e98
[   89.132790] FS-Cache: O-key=[10] '34323934393436323031'
[   89.133038] FS-Cache: N-cookie c=0000001a [p=00000002 fl=2 nc=0 na=1]
[   89.133427] FS-Cache: N-cookie d=0000000077e65604{9P.session} n=000000000210e7b5
[   89.133830] FS-Cache: N-key=[10] '34323934393436323031'
[   89.438577] systemd-journald[38]: Received client request to flush runtime journal.
[   89.853393] misc dxg: dxgk: dxgkio_query_adapter_info: Ioctl failed: -2
[   89.955127] misc dxg: dxgk: dxgkio_query_adapter_info: Ioctl failed: -2
[   89.955717] misc dxg: dxgk: dxgkio_query_adapter_info: Ioctl failed: -2
[   89.956254] misc dxg: dxgk: dxgkio_query_adapter_info: Ioctl failed: -2
[   89.956598] misc dxg: dxgk: dxgkio_query_adapter_info: Ioctl failed: -2
[   89.956953] misc dxg: dxgk: dxgkio_query_adapter_info: Ioctl failed: -2
[   89.957284] misc dxg: dxgk: dxgkio_query_adapter_info: Ioctl failed: -2
[   89.957613] misc dxg: dxgk: dxgkio_query_adapter_info: Ioctl failed: -2
[   89.957945] misc dxg: dxgk: dxgkio_query_adapter_info: Ioctl failed: -2
[   89.958275] misc dxg: dxgk: dxgkio_query_adapter_info: Ioctl failed: -2
[   89.958605] misc dxg: dxgk: dxgkio_query_adapter_info: Ioctl failed: -2
[   89.958941] misc dxg: dxgk: dxgkio_query_adapter_info: Ioctl failed: -2
[   89.959269] misc dxg: dxgk: dxgkio_query_adapter_info: Ioctl failed: -2
[   89.959628] misc dxg: dxgk: dxgkio_query_adapter_info: Ioctl failed: -2
[   89.959957] misc dxg: dxgk: dxgkio_query_adapter_info: Ioctl failed: -2
[   90.191401] misc dxg: dxgk: dxgkio_query_adapter_info: Ioctl failed: -2
[   93.152113] TCP: eth0: Driver has suspect GRO implementation, TCP performance may be compromised.
[   94.361892] WSL (2): Creating login session for root
[   94.494234] /sbin/ldconfig: 
[   94.494237] /usr/lib/wsl/lib/libcuda.so.1 is not a symbolic link

[   94.502802] FS-Cache: Duplicate cookie detected
[   94.503129] FS-Cache: O-cookie c=0000001d [p=00000002 fl=222 nc=0 na=1]
[   94.503501] FS-Cache: O-cookie d=0000000077e65604{9P.session} n=00000000060dfa2a
[   94.503881] FS-Cache: O-key=[10] '34323934393436373338'
[   94.504126] FS-Cache: N-cookie c=0000001e [p=00000002 fl=2 nc=0 na=1]
[   94.504409] FS-Cache: N-cookie d=0000000077e65604{9P.session} n=00000000347c0f18
[   94.504755] FS-Cache: N-key=[10] '34323934393436373338'
[   94.530676] /sbin/ldconfig.real: 
[   94.530678] /usr/lib/wsl/lib/libcuda.so.1 is not a symbolic link

[   94.549830] FS-Cache: Duplicate cookie detected
[   94.550140] FS-Cache: O-cookie c=00000022 [p=00000002 fl=222 nc=0 na=1]
[   94.550425] FS-Cache: O-cookie d=0000000077e65604{9P.session} n=000000008689c97b
[   94.550780] FS-Cache: O-key=[10] '34323934393436373433'
[   94.551037] FS-Cache: N-cookie c=00000023 [p=00000002 fl=2 nc=0 na=1]
[   94.551310] FS-Cache: N-cookie d=0000000077e65604{9P.session} n=000000008e596630
[   94.551676] FS-Cache: N-key=[10] '34323934393436373433'
[   94.553211] FS-Cache: Duplicate cookie detected
[   94.553547] FS-Cache: O-cookie c=00000022 [p=00000002 fl=222 nc=0 na=1]
[   94.553837] FS-Cache: O-cookie d=0000000077e65604{9P.session} n=000000008689c97b
[   94.554178] FS-Cache: O-key=[10] '34323934393436373433'
[   94.554412] FS-Cache: N-cookie c=00000024 [p=00000002 fl=2 nc=0 na=1]
[   94.554701] FS-Cache: N-cookie d=0000000077e65604{9P.session} n=000000003dca8093
[   94.555077] FS-Cache: N-key=[10] '34323934393436373433'
[   94.602948] misc dxg: dxgk: dxgkio_query_adapter_info: Ioctl failed: -22
[   94.603464] misc dxg: dxgk: dxgkio_query_adapter_info: Ioctl failed: -22
[   94.603872] misc dxg: dxgk: dxgkio_query_adapter_info: Ioctl failed: -22
[   94.604472] misc dxg: dxgk: dxgkio_query_adapter_info: Ioctl failed: -2
[   94.670656] systemd-journald[37]: Received client request to flush runtime journal.
[   94.687331] systemd-journald[37]: File /var/log/journal/2793662503d7430094cb6e767ed03513/system.journal corrupted or uncleanly shut down, renaming and replacing.
[   95.236435] misc dxg: dxgk: dxgkio_query_adapter_info: Ioctl failed: -2
[   95.335972] misc dxg: dxgk: dxgkio_query_adapter_info: Ioctl failed: -2
[   95.336409] misc dxg: dxgk: dxgkio_query_adapter_info: Ioctl failed: -2
[   95.336748] misc dxg: dxgk: dxgkio_query_adapter_info: Ioctl failed: -2
[   95.337062] misc dxg: dxgk: dxgkio_query_adapter_info: Ioctl failed: -2
[   95.337376] misc dxg: dxgk: dxgkio_query_adapter_info: Ioctl failed: -2
[   95.337691] misc dxg: dxgk: dxgkio_query_adapter_info: Ioctl failed: -2
[   95.338025] misc dxg: dxgk: dxgkio_query_adapter_info: Ioctl failed: -2
[   95.338362] misc dxg: dxgk: dxgkio_query_adapter_info: Ioctl failed: -2
[   95.338714] misc dxg: dxgk: dxgkio_query_adapter_info: Ioctl failed: -2
[   95.339037] misc dxg: dxgk: dxgkio_query_adapter_info: Ioctl failed: -2
[   95.339362] misc dxg: dxgk: dxgkio_query_adapter_info: Ioctl failed: -2
[   95.339707] misc dxg: dxgk: dxgkio_query_adapter_info: Ioctl failed: -2
[   95.340065] misc dxg: dxgk: dxgkio_query_adapter_info: Ioctl failed: -2
[   95.340404] misc dxg: dxgk: dxgkio_query_adapter_info: Ioctl failed: -2
[   95.546417] misc dxg: dxgk: dxgkio_query_adapter_info: Ioctl failed: -2
[   96.597260] WSL (2): Creating login session for rebecca
[ 8088.485529] hv_utils: TimeSync IC version 4.0
[19899.160266] hv_utils: TimeSync IC version 4.0
[22179.905403] FS-Cache: Duplicate cookie detected
[22179.905763] FS-Cache: O-cookie c=0000002a [p=00000002 fl=222 nc=0 na=1]
[22179.906011] FS-Cache: O-cookie d=0000000077e65604{9P.session} n=000000004791459b
[22179.906311] FS-Cache: O-key=[10] '34323937313535323739'
[22179.906511] FS-Cache: N-cookie c=0000002b [p=00000002 fl=2 nc=0 na=1]
[22179.906756] FS-Cache: N-cookie d=0000000077e65604{9P.session} n=0000000012fe7f4d
[22179.907049] FS-Cache: N-key=[10] '34323937313535323739'
[22179.908564] FS-Cache: Duplicate cookie detected
[22179.908809] FS-Cache: O-cookie c=0000002a [p=00000002 fl=222 nc=0 na=1]
[22179.909062] FS-Cache: O-cookie d=0000000077e65604{9P.session} n=000000004791459b
[22179.909367] FS-Cache: O-key=[10] '34323937313535323739'
[22179.909579] FS-Cache: N-cookie c=0000002c [p=00000002 fl=2 nc=0 na=1]
[22179.909832] FS-Cache: N-cookie d=0000000077e65604{9P.session} n=00000000bca05f29
[22179.910134] FS-Cache: N-key=[10] '34323937313535323739'
[22179.913556] WSL (2): Creating login session for root
[34597.436180] hv_utils: TimeSync IC version 4.0
[41848.690521] hv_utils: TimeSync IC version 4.0
[55940.037132] hv_utils: TimeSync IC version 4.0
